---
source: src-tauri/tests/dto_snapshots.rs
assertion_line: 284
expression: dto
---
{
  "theme": "dark",
  "thumbnail_size": 500,
  "face_detection_confidence": 0.25,
  "face_clustering_threshold": 0.3,
  "burst_time_window_seconds": 3,
  "trash_auto_delete_days": 30,
  "scan_hidden_folders": false,
  "show_timeline_stacks": true,
  "date_format": "locale",
  "remembered_drives": [],
  "map_cache_limit_mb": 500,
  "memories_enabled": true,
  "home_city_override": null,
  "auto_update_check_enabled": false,
  "sidebar_collapsed": false,
  "thumbnail_cache_gb": 5.0,
  "face_gpu_bridge_url": null,
  "face_gpu_bridge_enabled": false,
  "face_embedder_model": "adaface_ir101_webface12m.onnx"
}
