---
source: src-tauri/tests/dto_snapshots.rs
expression: dto
---
{
  "install_root": "C:/Users/alice/AppData/Roaming/smriti/assets",
  "roots": [
    "C:/Users/alice/AppData/Roaming/smriti/assets",
    "C:/Program Files/Smriti"
  ],
  "total_size_bytes": 42000,
  "assets": [
    {
      "id": "runtime.onnx",
      "label": "ONNX Runtime",
      "kind": "runtime",
      "status": "active",
      "required": true,
      "active": true,
      "installable": false,
      "removable": false,
      "size_bytes": 24000,
      "path": "C:/Program Files/Smriti/libs/onnxruntime/onnxruntime.dll",
      "note": "Required for local models."
    },
    {
      "id": "ocr.model",
      "label": "OCR model",
      "kind": "model",
      "status": "planned",
      "required": false,
      "active": false,
      "installable": false,
      "removable": false,
      "size_bytes": null,
      "path": null,
      "note": "Not installed in this build."
    }
  ]
}
