---
source: src-tauri/tests/dto_snapshots.rs
assertion_line: 208
expression: dto
---
{
  "id": 1,
  "thumbnail_path": null,
  "date_taken": null,
  "width": null,
  "height": null,
  "orientation": 1,
  "media_type": "photo",
  "duration_ms": null,
  "is_favorite": false,
  "is_trashed": false,
  "stack": null
}
